2002 0000 ; "DC1>"		;	DC1 >                   ; exportando as variaveis
2004 0000 ; "DC2>"		;	DC2 >                   ; exportando as variaveis
2006 0000 ; "DC3>"		;	DC3 >                   ; exportando as variaveis
2008 0000 ; "DUI1>"		;	DUI1 >                  ; Palavra em HEXA a ser transformada em ASCHII
200a 0000 ; "DUI2>"		;	DUI2 >                  ; resultado 1
200c 0000 ; "DUI3>"		;	DUI3 >                  ; resultado 2
200e 0000 ; "DP1>"		;	DP1    >                ; primeiro caractere a ser packed
2010 0000 ; "DP2>"		;	DP2    >                ; segundo caractere a ser packed
2012 0000 ; "DP3>"		;	DP3    >                ; word packed a ser expertada
2014 0000 ; "DU1>"		;	DU1    >                ; word a ser unpacked
2016 0000 ; "DU2>"		;	DU2    >                ; primeiro caracter da word unpacked
2018 0000 ; "DU3>"		;	DU3    >                ; segundo caractere da word unpacked
201a 0000 ; "VARTMP>"		;	VARTMP >                ; exporting vartmp
201c 0000 ; "VARTMP2>"		;	VARTMP2 >               ; exporting vartmp 2
201e 0000 ; "VAREND>"		;	VAREND >                ; exporting VAREND
2020 0000 ; "VAREND2>"		;	VAREND2 >               ; exporting VAREND2
2022 0000 ; "CHAREND1>"		;	CHAREND1  >             ; endereco de char 1
2024 0000 ; "CHAREND2>"		;	CHAREND2  >             ; endereco de char 1
2026 0000 ; "CHAR1>"		;	CHAR1     >             ; primeiro caracter
2028 0000 ; "CHAR2>"		;	CHAR2     >             ; segundo caracter
202a 0000 ; "CHAR3>"		;	CHAR3     >             ; terceiro caracter
202c 0000 ; "CHAR4>"		;	CHAR4     >             ; quarto caracter
4000 0000 ; "CHTOUI<"		;	CHTOUI <                ; importando subrotina de CHTOUI
4001 0000 ; "UITOCH<"		;	UITOCH <                ; importando subrotina de UITOCH

				;	          &  /0000      ; tornando o codigo realocavel
a000 002e		;	          JP MAIN       ; comecando o main
8002 4c49		;	DC1       K  'LI        ; primeiro palavra em ASCHII a ser transofrmada em HEXA (/3132)
8004 584f		;	DC2       K  'XO        ; segunda plavra em ASCHII a ser transofrmada em HEXA (/3334)
8006 0000		;	DC3       k  /0000      ; uniao das transformacoes (/1234)
8008 8000		;	DUI1      K  /8000      ; Palavra em HEXA a ser transformada em ASCHII
800a 0000		;	DUI2      K  /0000      ; resultado 1
800c 0000		;	DUI3      K  /0000      ; resultado 2
800e 0000		;	DP1       K  /0000      ; primeiro caractere a ser packed
8010 0000		;	DP2       K  /0000      ; segundo caractere a ser packed
8012 0000		;	DP3       K  /0000      ; word packed a ser expertada
8014 0000		;	DU1       K  /0000      ; word a ser unpacked
8016 0000		;	DU2       K  /0000      ; primeiro caracter da word unpacked
8018 0000		;	DU3       K  /0000      ; segundo caractere da word unpacked
801a 0000		;	VARTMP    K  /0000      ; temporary variable
801c 0000		;	VARTMP2   K  /0000      ; temparary variable 2
a01e 0002		;	VAREND    K  DC1        ; endereco de DC1
a020 0016		;	VAREND2   K  DU2       ; endereco da primeira palavra unpacked
a022 0026		;	CHAREND1  K  CHAR1      ; endereco de char 1, sera alterado em CHTOUI
a024 0026		;	CHAREND2  K  CHAR1      ; endereco de char 1, sera alterado em UITOCH
8026 1000		;	CHAR1     K  /1000      ; primeiro caracter
8028 0100		;	CHAR2     K  /0100      ; segundo caracter
802a 0010		;	CHAR3     K  /0010      ; terceiro caracter
802c 0001		;	CHAR4     K  /0001      ; quarto caracter

;MAIN     SC CHTOUI     ; Para executar esta funcao, comente a proxima e descomente esta.
d02e a001		;	MAIN      SC UITOCH     ;
a030 c030		;	FIM       HM FIM        ; final do programa


